// Jest Snapshot v1, https://goo.gl/fbAQLP

exports[`Should render 1`] = `
<div
  className="container-fluid"
>
  <div
    className="row"
  >
    <div
      className="col-6"
    >
      <form
        className=""
        noValidate={true}
        onSubmit={[Function]}
      >
        <div
          className="row"
        >
          <div
            className="col-6"
          >
            <div
              className="form-group"
            >
              <label
                className="form-label"
                htmlFor="formFirstName"
              >
                First name *
              </label>
              <input
                className="form-control"
                id="formFirstName"
                name="firstName"
                onChange={[Function]}
                required={true}
              />
              <div
                className="invalid-feedback"
              >
                
              </div>
            </div>
          </div>
          <div
            className="col-6"
          >
            <div
              className="form-group"
            >
              <label
                className="form-label"
                htmlFor="formLastName"
              >
                Last name *
              </label>
              <input
                className="form-control"
                id="formLastName"
                name="lastName"
                onChange={[Function]}
                required={true}
              />
              <div
                className="invalid-feedback"
              >
                
              </div>
            </div>
          </div>
        </div>
        <div
          className="row"
        >
          <div
            className="col"
          >
            <div
              className="form-group"
            >
              <label
                className="form-label"
                htmlFor="formNpiNumber"
              >
                NPI Number *
              </label>
              <input
                className="form-control"
                id="formNpiNumber"
                maxlength={10}
                minlength={10}
                name="npiNumber"
                onChange={[Function]}
                required={true}
              />
              <div
                className="invalid-feedback"
              />
            </div>
          </div>
        </div>
        <div
          className="row"
        >
          <div
            className="col"
          >
            <div
              className="form-group"
            >
              <label
                className="form-label"
                htmlFor="formStreet"
              >
                Street Address *
              </label>
              <input
                className="form-control"
                id="formStreet"
                name="street"
                onChange={[Function]}
                required={true}
              />
              <div
                className="invalid-feedback"
              >
                
              </div>
            </div>
          </div>
        </div>
        <div
          className="row"
        >
          <div
            className="col-5"
          >
            <div
              className="form-group"
            >
              <label
                className="form-label"
                htmlFor="formCity"
              >
                City *
              </label>
              <input
                className="form-control"
                id="formCity"
                name="city"
                onChange={[Function]}
                required={true}
              />
              <div
                className="invalid-feedback"
              >
                
              </div>
            </div>
          </div>
          <div
            className="col-3"
          >
            <div
              className="form-group"
            >
              <label
                className="form-label"
                htmlFor="formState"
              >
                State *
              </label>
              <input
                className="form-control"
                id="formState"
                maxlength={2}
                minlength={2}
                name="state"
                onChange={[Function]}
                required={true}
              />
              <div
                className="invalid-feedback"
              >
                
              </div>
            </div>
          </div>
          <div
            className="col-4"
          >
            <div
              className="form-group"
            >
              <label
                className="form-label"
                htmlFor="formZip"
              >
                Postal Code *
              </label>
              <input
                className="form-control"
                id="formZip"
                maxlength={9}
                minlength={5}
                name="zip"
                onChange={[Function]}
                required={true}
              />
              <div
                className="invalid-feedback"
              >
                
              </div>
            </div>
          </div>
        </div>
        <div
          className="row"
        >
          <div
            className="col-6"
          >
            <div
              className="form-group"
            >
              <label
                className="form-label"
                htmlFor="formPhoneNumber"
              >
                Phone number *
              </label>
              <input
                className="form-control"
                id="formPhoneNumber"
                maxlength={10}
                minlength={10}
                name="phone"
                onChange={[Function]}
                pattern="[0-9]{10}"
                required={true}
                type="tel"
              />
              <div
                className="invalid-feedback"
              >
                
              </div>
            </div>
          </div>
          <div
            className="col-6"
          >
            <div
              className="form-group"
            >
              <label
                className="form-label"
                htmlFor="formEmailAddress"
              >
                Email
              </label>
              <input
                className="form-control"
                id="formEmailAddress"
                name="email"
                onChange={[Function]}
                type="email"
              />
            </div>
          </div>
        </div>
        <div
          className="row"
        />
        <div
          className="row"
        >
          <div
            className="col-6"
          >
            <button
              className="btn btn-primary"
              disabled={false}
              type="submit"
            >
              Submit
            </button>
          </div>
        </div>
      </form>
    </div>
  </div>
</div>
`;
